// Jest Snapshot v1, https://goo.gl/fbAQLP

exports[`TabBar should render a TabBar 1`] = `
<View
  style={
    Object {
      "display": "flex",
      "flexDirection": "row",
      "justifyContent": "space-around",
    }
  }
>
  <View />
  <View />
</View>
`;
