// Jest Snapshot v1, https://goo.gl/fbAQLP

exports[`Home should render a list of data 1`] = `
<RCTScrollView
  ListHeaderComponent={[Function]}
  data={
    Array [
      Object {
        "id": 1,
        "image": "image",
        "overview": "overview",
        "title": "title",
      },
    ]
  }
  disableVirtualization={false}
  getItem={[Function]}
  getItemCount={[Function]}
  horizontal={false}
  initialNumToRender={10}
  keyExtractor={[Function]}
  maxToRenderPerBatch={10}
  onContentSizeChange={[Function]}
  onEndReachedThreshold={2}
  onLayout={[Function]}
  onMomentumScrollEnd={[Function]}
  onScroll={[Function]}
  onScrollBeginDrag={[Function]}
  onScrollEndDrag={[Function]}
  removeClippedSubviews={false}
  renderItem={[Function]}
  scrollEventThrottle={50}
  stickyHeaderIndices={Array []}
  updateCellsBatchingPeriod={50}
  viewabilityConfigCallbackPairs={Array []}
  windowSize={21}
>
  <View>
    <View
      onLayout={[Function]}
    >
      <View />
    </View>
    <View
      onLayout={[Function]}
      style={null}
    >
      <View />
    </View>
  </View>
</RCTScrollView>
`;

exports[`Home should render the header of the list 1`] = `<View />`;
