// Jest Snapshot v1, https://goo.gl/fbAQLP

exports[`Movie should render a movie 1`] = `
<View>
  <Image
    source={
      Object {
        "uri": "image",
      }
    }
    style={
      Object {
        "height": 300,
        "marginBottom": 10,
        "width": "100%",
      }
    }
  />
  <Text
    style={
      Object {
        "fontSize": 20,
        "fontWeight": "bold",
        "marginBottom": 5,
        "marginLeft": 15,
        "marginRight": 15,
      }
    }
  >
    title
  </Text>
  <Text
    style={
      Object {
        "marginLeft": 10,
        "marginRight": 10,
      }
    }
  >
    overview
  </Text>
</View>
`;
