// Jest Snapshot v1, https://goo.gl/fbAQLP

exports[`MovieItem should render a MovieItem 1`] = `
<View
  accessible={true}
  focusable={true}
  onClick={[Function]}
  onResponderGrant={[Function]}
  onResponderMove={[Function]}
  onResponderRelease={[Function]}
  onResponderTerminate={[Function]}
  onResponderTerminationRequest={[Function]}
  onStartShouldSetResponder={[Function]}
  style={
    Object {
      "borderRadius": 10,
      "borderWidth": 1,
      "display": "flex",
      "flexDirection": "row",
      "height": 140,
      "marginBottom": 20,
      "marginLeft": 20,
      "marginRight": 20,
      "overflow": "hidden",
    }
  }
>
  <View
    style={
      Object {
        "display": "flex",
        "width": 120,
      }
    }
  >
    <Image
      source={
        Object {
          "uri": "image",
        }
      }
      style={
        Object {
          "flex": 1,
        }
      }
    />
  </View>
  <View
    style={
      Object {
        "flexShrink": 1,
        "padding": 10,
      }
    }
  >
    <Text
      numberOfLines={1}
      style={
        Object {
          "fontSize": 20,
          "fontWeight": "bold",
          "marginBottom": 5,
        }
      }
    >
      title
    </Text>
    <Text
      numberOfLines={4}
      style={
        Object {
          "fontSize": 14,
        }
      }
      textBreakStrategy="simple"
    >
      overview
    </Text>
  </View>
</View>
`;
